// Jest Snapshot v1, https://goo.gl/fbAQLP

exports[`Pruebas del componente <GridItem /> Debe hacer match con el snapshot 1`] = `
<div>
  <div
    class="card"
  >
    <img
      alt="solo leveling"
      src="https://media.giphy.com/media/3o7TKz9bX9Nv8a0lHa/giphy.gif"
    />
    <p>
      solo leveling
    </p>
  </div>
</div>
`;
