// Jest Snapshot v1, https://goo.gl/fbAQLP

exports[`Pruebas en <FirstApp /> debe hacer match con el snapshot 1`] = `
<div>
  <h2
    data-testid="test-title"
  >
    Hola, soy Goku!!
  </h2>
  <h3>
    This is a subtitle
  </h3>
  <h3>
    This is a subtitle
  </h3>
  <p>
    Autor: 
    Jane Doe
    <br />
    Mensaje: 
    Hi there!
  </p>
</div>
`;
